python : Creating 
test database for 
alias 'default' 
('test_swms_db')...
At line:1 char:1
+ python manage.py 
test 
hms.tests.test_rbac 
--noinput -v 2 > 
test_outpu ...
+ ~~~~~~~~~~~~~~~~~~~
~~~~~~~~~~~~~~~~~~~~~
~~~~~~~~~~~~~~~~~~~~~
~~~~~~~~
    + CategoryInfo   
           : NotSpe  
  cified: (Creatin   
 g test d...st_sw    
ms_db')...:Strin    
g) [], RemoteExc    
eption
    + FullyQualified 
   ErrorId : Native  
  CommandError
 

Got an error 
creating the test 
database: (1044, 
"Access denied for 
user 'swms_secure'@'l
ocalhost' to 
database 
'test_swms_db'")

==================================================
DEBUG: manage.py starting check
DEBUG: Using CWD as project root: C:\Users\jamal\Downloads\Student-Welfare-Management-System\Student-Welfare-Management-System
DEBUG: sys.path[0] enforced to: C:\Users\jamal\Downloads\Student-Welfare-Management-System\Student-Welfare-Management-System
==================================================
Found 2 test(s).
